[2026-05-15T15:04:29.026+0000] {local_task_job_runner.py:120} INFO - ::group::Pre task execution logs
[2026-05-15T15:04:29.135+0000] {taskinstance.py:2076} INFO - Dependencies all met for dep_context=non-requeueable deps ti=<TaskInstance: youtube_dwh_update.staging_table manual__2026-05-15T15:04:24.246915+00:00 [queued]>
[2026-05-15T15:04:29.162+0000] {taskinstance.py:2076} INFO - Dependencies all met for dep_context=requeueable deps ti=<TaskInstance: youtube_dwh_update.staging_table manual__2026-05-15T15:04:24.246915+00:00 [queued]>
[2026-05-15T15:04:29.163+0000] {taskinstance.py:2306} INFO - Starting attempt 1 of 1
[2026-05-15T15:04:29.194+0000] {taskinstance.py:2330} INFO - Executing <Task(_PythonDecoratedOperator): staging_table> on 2026-05-15 15:04:24.246915+00:00
[2026-05-15T15:04:29.213+0000] {standard_task_runner.py:63} INFO - Started process 453 to run task
[2026-05-15T15:04:29.232+0000] {standard_task_runner.py:90} INFO - Running: ['airflow', 'tasks', 'run', 'youtube_dwh_update', 'staging_table', 'manual__2026-05-15T15:04:24.246915+00:00', '--job-id', '19', '--raw', '--subdir', 'DAGS_FOLDER/main.py', '--cfg-path', '/tmp/tmperxd8elz']
[2026-05-15T15:04:29.235+0000] {standard_task_runner.py:91} INFO - Job 19: Subtask staging_table
[2026-05-15T15:04:29.407+0000] {task_command.py:426} INFO - Running <TaskInstance: youtube_dwh_update.staging_table manual__2026-05-15T15:04:24.246915+00:00 [running]> on host 8486297af4ec
[2026-05-15T15:04:29.678+0000] {taskinstance.py:2648} INFO - Exporting env vars: AIRFLOW_CTX_DAG_EMAIL='data@engineers.com' AIRFLOW_CTX_DAG_OWNER='dataengineers' AIRFLOW_CTX_DAG_ID='youtube_dwh_update' AIRFLOW_CTX_TASK_ID='staging_table' AIRFLOW_CTX_EXECUTION_DATE='2026-05-15T15:04:24.246915+00:00' AIRFLOW_CTX_TRY_NUMBER='1' AIRFLOW_CTX_DAG_RUN_ID='manual__2026-05-15T15:04:24.246915+00:00'
[2026-05-15T15:04:29.680+0000] {taskinstance.py:430} INFO - ::endgroup::
[2026-05-15T15:04:29.721+0000] {base.py:84} INFO - Using connection ID 'postgres_db_yt_elt' for task execution.
[2026-05-15T15:04:29.731+0000] {data_loading.py:13} INFO - Processing file: YT_data_2026-05-15
[2026-05-15T15:04:29.768+0000] {base.py:84} INFO - Using connection ID 'postgres_db_yt_elt' for task execution.
[2026-05-15T15:04:29.784+0000] {base.py:84} INFO - Using connection ID 'postgres_db_yt_elt' for task execution.
[2026-05-15T15:04:29.815+0000] {data_modification.py:78} INFO - Updated row with Video_ID: yBdKh8CC-b0
[2026-05-15T15:04:29.828+0000] {data_modification.py:40} ERROR - Error inserting row with Video_ID: NxNGSTqgvl4
[2026-05-15T15:04:29.829+0000] {dwh.py:58} ERROR - An error occurred during the update of staging table: duplicate key value violates unique constraint "yt_api_pkey"
DETAIL:  Key ("Video_ID")=(NxNGSTqgvl4) already exists.

[2026-05-15T15:04:29.830+0000] {taskinstance.py:441} INFO - ::group::Post task execution logs
[2026-05-15T15:04:29.835+0000] {taskinstance.py:2905} ERROR - Task failed with exception
Traceback (most recent call last):
  File "/home/airflow/.local/lib/python3.10/site-packages/airflow/models/taskinstance.py", line 465, in _execute_task
    result = _execute_callable(context=context, **execute_callable_kwargs)
  File "/home/airflow/.local/lib/python3.10/site-packages/airflow/models/taskinstance.py", line 432, in _execute_callable
    return execute_callable(context=context, **execute_callable_kwargs)
  File "/home/airflow/.local/lib/python3.10/site-packages/airflow/models/baseoperator.py", line 401, in wrapper
    return func(self, *args, **kwargs)
  File "/home/airflow/.local/lib/python3.10/site-packages/airflow/decorators/base.py", line 265, in execute
    return_value = super().execute(context)
  File "/home/airflow/.local/lib/python3.10/site-packages/airflow/models/baseoperator.py", line 401, in wrapper
    return func(self, *args, **kwargs)
  File "/home/airflow/.local/lib/python3.10/site-packages/airflow/operators/python.py", line 235, in execute
    return_value = self.execute_callable()
  File "/home/airflow/.local/lib/python3.10/site-packages/airflow/operators/python.py", line 252, in execute_callable
    return self.python_callable(*self.op_args, **self.op_kwargs)
  File "/opt/airflow/dags/dwh.py", line 59, in staging_table
    raise e
  File "/opt/airflow/dags/dwh.py", line 46, in staging_table
    insert_rows(cur, conn, schema, row)
  File "/opt/airflow/dags/datawarehouse/data_modification.py", line 41, in insert_rows
    raise e
  File "/opt/airflow/dags/datawarehouse/data_modification.py", line 15, in insert_rows
    cur.execute(
  File "/home/airflow/.local/lib/python3.10/site-packages/psycopg2/extras.py", line 236, in execute
    return super().execute(query, vars)
psycopg2.errors.UniqueViolation: duplicate key value violates unique constraint "yt_api_pkey"
DETAIL:  Key ("Video_ID")=(NxNGSTqgvl4) already exists.

[2026-05-15T15:04:29.875+0000] {taskinstance.py:1206} INFO - Marking task as FAILED. dag_id=youtube_dwh_update, task_id=staging_table, run_id=manual__2026-05-15T15:04:24.246915+00:00, execution_date=20260515T150424, start_date=20260515T150429, end_date=20260515T150429
[2026-05-15T15:04:29.919+0000] {standard_task_runner.py:110} ERROR - Failed to execute job 19 for task staging_table (duplicate key value violates unique constraint "yt_api_pkey"
DETAIL:  Key ("Video_ID")=(NxNGSTqgvl4) already exists.
; 453)
[2026-05-15T15:04:29.966+0000] {local_task_job_runner.py:240} INFO - Task exited with return code 1
[2026-05-15T15:04:29.996+0000] {local_task_job_runner.py:222} INFO - ::endgroup::
